this is test log
